../Core/Src/main.c:88:5:main	56	static
../Core/Src/main.c:153:6:SystemClock_Config	88	static
../Core/Src/main.c:200:13:MX_I2C1_Init	8	static
../Core/Src/main.c:234:13:MX_TIM2_Init	32	static
../Core/Src/main.c:279:13:MX_USART2_UART_Init	8	static
../Core/Src/main.c:310:13:MX_DMA_Init	16	static
../Core/Src/main.c:331:13:MX_GPIO_Init	48	static
../Core/Src/main.c:360:6:HAL_TIM_PeriodElapsedCallback	24	static
../Core/Src/main.c:376:6:HAL_I2C_MasterRxCpltCallback	136	static
../Core/Src/main.c:393:6:Error_Handler	4	static,ignoring_inline_asm
