../Core/Src/main.c:111:5:main	16	static
../Core/Src/main.c:179:6:SystemClock_Config	88	static
../Core/Src/main.c:226:13:MX_SPI1_Init	8	static
../Core/Src/main.c:264:13:MX_TIM2_Init	64	static
../Core/Src/main.c:323:13:MX_TIM3_Init	32	static
../Core/Src/main.c:368:13:MX_TIM4_Init	32	static
../Core/Src/main.c:413:13:MX_TIM5_Init	32	static
../Core/Src/main.c:458:13:MX_USART1_UART_Init	8	static
../Core/Src/main.c:491:13:MX_USART2_UART_Init	8	static
../Core/Src/main.c:522:13:MX_DMA_Init	16	static
../Core/Src/main.c:540:13:MX_GPIO_Init	48	static
../Core/Src/main.c:579:6:sendByte	24	static
../Core/Src/main.c:608:6:HAL_TIM_PeriodElapsedCallback	32	static
../Core/Src/main.c:637:6:HAL_UART_RxCpltCallback	16	static
../Core/Src/main.c:642:6:HAL_SPI_TxCpltCallback	16	static
../Core/Src/main.c:655:6:Error_Handler	4	static,ignoring_inline_asm
