../Core/Src/main.c:77:5:main	8	static
../Core/Src/main.c:129:6:SystemClock_Config	88	static
../Core/Src/main.c:176:13:MX_TIM2_Init	64	static
../Core/Src/main.c:235:13:MX_TIM3_Init	32	static
../Core/Src/main.c:280:13:MX_USART1_UART_Init	8	static
../Core/Src/main.c:313:13:MX_USART2_UART_Init	8	static
../Core/Src/main.c:346:13:MX_GPIO_Init	48	static
../Core/Src/main.c:375:6:sendByte	24	static
../Core/Src/main.c:404:6:sendString	24	static
../Core/Src/main.c:412:6:HAL_TIM_PeriodElapsedCallback	16	static
../Core/Src/main.c:418:6:HAL_UART_RxCpltCallback	32	static
../Core/Src/main.c:434:6:Error_Handler	4	static,ignoring_inline_asm
